Microchip Technology Inc, v2.00 (B)

Tool Name:
  c:\program files\microchip\xc16\v2.00\bin\bin\..\bin/elf-ld.exe

Command:
  -p33CH512MP508 \
  --mdfp=C:/Program Files/Microchip/MPLABX/v6.00/packs/Microchip/dsPIC33CH-MP_DFP/1.10.223/xc16 \
  -o \
  dist/default/production/Master.X.production.elf \
  -Lc:/program files/microchip/xc16/v2.00/bin/bin/.. \
  -LC:/Program Files/Microchip/MPLABX/v6.00/packs/Microchip/dsPIC33CH-MP_DFP/1.10.223/xc16/bin/../lib \
  -LC:/Program Files/Microchip/MPLABX/v6.00/packs/Microchip/dsPIC33CH-MP_DFP/1.10.223/xc16/bin/../support/dsPIC33C/gld \
  -Lc:/program files/microchip/xc16/v2.00/bin/bin/../../lib \
  -Lc:/program files/microchip/xc16/v2.00/bin/bin/../../support/PIC24E/gld \
  -Lc:/program files/microchip/xc16/v2.00/bin/bin/../../support/PIC24F/gld \
  -Lc:/program files/microchip/xc16/v2.00/bin/bin/../../support/PIC24H/gld \
  -Lc:/program files/microchip/xc16/v2.00/bin/bin/../../support/dsPIC30F/gld \
  -Lc:/program files/microchip/xc16/v2.00/bin/bin/../../support/dsPIC33C/gld \
  -Lc:/program files/microchip/xc16/v2.00/bin/bin/../../support/dsPIC33E/gld \
  -Lc:/program files/microchip/xc16/v2.00/bin/bin/../../support/dsPIC33F/gld \
  build/default/production/main.o \
  build/default/production/Slave.o \
  --local-stack \
  --defsym=__MPLAB_BUILD=1 \
  -Tp33CH512MP508.gld.00 \
  --stack=16 \
  --check-sections \
  --data-init \
  --pack-data \
  --handles \
  --isr \
  --no-gc-sections \
  --fill-upper=0 \
  --stackguard=16 \
  --no-force-link \
  --smart-io \
  -Map=dist/default/production/Master.X.production.map \
  --report-mem \
  --memorysummary \
  dist/default/production/memoryfile.xml \
  -start-group \
  --library=c99-pic30-elf \
  --library=m-elf \
  --library=c99-elf \
  -end-group \


Optional library libp33CH512MP508.a not found
Archive member included because of file (symbol)

c:/program files/microchip/xc16/v2.00/bin/bin/../../lib\libc99-pic30-elf.a(crt0_dualch.o)
                              (__resetPRI)
c:/program files/microchip/xc16/v2.00/bin/bin/../../lib\libc99-pic30-elf.a(data_init_dualch.o)
                              c:/program files/microchip/xc16/v2.00/bin/bin/../../lib\libc99-pic30-elf.a(crt0_dualch.o) (__data_init_duo)
c:/program files/microchip/xc16/v2.00/bin/bin/../../lib\libc99-pic30-elf.a(crt_start_mode_normalch.Meo)
                              (__crt_start_mode_normal)


Selected CodeGuard Options:
  FSEC:BWRP:OFF
  FSEC:BSS:DISABLED
  FSEC:BSEN:OFF
  FSEC:GWRP:OFF
  FSEC:GSS:DISABLED
  FSEC:CWRP:OFF
  FSEC:CSS:DISABLED
  FSEC:AIVTDIS:OFF

CodeGuard FLASH Memory:
  boot    (none)
  secure  (none)
  general 0x200 to 0x57efe

CodeGuard RAM Memory:
  general 0x1000 to 0xcfff
  secure  (none)
  boot    (none)


xc16-ld 2.00 (B)

Default Code Model: Small
Default Data Model: Large
Default Scalar Model: Small

"program" Memory  [Origin = 0x200, Length = 0x57d00]

section                    address   length (PC units)   length (bytes) (dec)
-------                    -------   -----------------   --------------------
.text                        0x200               0x19c           0x26a  (618)
Slave_image                  0x39c               0xd4c          0x13f2  (5106)
.text                       0x10e8                0x56            0x81  (129)
data_init_dualch.S.scn1     0x113e                 0x2             0x3  (3)

                 Total "program" memory used (bytes):         0x16e0  (5856) 1%


"data" Memory  [Origin = 0x1000, Length = 0xc000]

section                    address      alignment gaps    total length  (dec)
-------                    -------      --------------    -------------------

                 Total "data" memory used (bytes):              0  (0) 


Dynamic Memory Usage

region                     address                      maximum length  (dec)
------                     -------                      ---------------------
heap                             0                                   0  (0)
stack                       0x1000                              0xc000  (49152)

                 Maximum dynamic memory (bytes):         0xc000  (49152)

Info: Project is using a large data memory model when small data memory model is sufficient.


External Symbols in Program Memory (by address):

                  0x000200                  __resetPRI
                  0x00023a                  __psv_init
                  0x000246                  __data_init_duo
                  0x000246                  __data_init
                  0x0002f8                  __wipe_secondary
                  0x00032e                  __program_inactive_slave
                  0x00032e                  __program_inactive_secondary
                  0x000332                  __program_slave
                  0x000332                  __program_secondary
[...]
Memory Configuration

Name             Origin             Length             Attributes
data             0x001000           0x00c000           a !xr
FBOOT            0x801800           0x000002  
reset            0x000000           0x000004  
ivt              0x000004           0x0001fc  
program          0x000200           0x057d00           xr
FSEC             0x057f00           0x000002  
FBSLIM           0x057f10           0x000002  
FSIGN            0x057f14           0x000002  
FOSCSEL          0x057f18           0x000002  
FOSC             0x057f1c           0x000002  
FWDT             0x057f20           0x000002  
FPOR             0x057f24           0x000002  
FICD             0x057f28           0x000002  
FDMTIVTL         0x057f2c           0x000002  
FDMTIVTH         0x057f30           0x000002  
FDMTCNTL         0x057f34           0x000002  
FDMTCNTH         0x057f38           0x000002  
FDMT             0x057f3c           0x000002  
FDEVOPT          0x057f40           0x000002  
FALTREG          0x057f44           0x000002  
FMBXM            0x057f48           0x000002  
FMBXHS1          0x057f4c           0x000002  
FMBXHS2          0x057f50           0x000002  
FMBXHSEN         0x057f54           0x000002  
FCFGPRA0         0x057f58           0x000002  
FCFGPRB0         0x057f60           0x000002  
FCFGPRC0         0x057f68           0x000002  
FCFGPRD0         0x057f70           0x000002  
FCFGPRE0         0x057f78           0x000002  
FS1OSCSEL        0x057f80           0x000002  
FS1OSC           0x057f84           0x000002  
FS1WDT           0x057f88           0x000002  
FS1POR           0x057f8c           0x000002  
FS1ICD           0x057f90           0x000002  
FS1DEVOPT        0x057f94           0x000002  
FS1ALTREG        0x057f98           0x000002  
FS1DMTIVTL       0x057f9c           0x000002  
FS1DMTIVTH       0x057fa0           0x000002  
FS1DMTCNTL       0x057fa4           0x000002  
FS1DMTCNTH       0x057fa8           0x000002  
FS1DMT           0x057fac           0x000002  
FBTSEQ           0x057ffc           0x000002  
*default*        0x000000           0xffffffff  

Linker script and memory map

LOAD build/default/production/main.o
LOAD build/default/production/Slave.o
                    0x0001                  __MPLAB_BUILD = 0x1
LOAD p33CH512MP508
LOAD c:/program files/microchip/xc16/v2.00/bin/bin/../../lib\libfx-elf.a
                    0x801044                  _iwri1 = 0x801044
                    0x801048                  _iwri2 = 0x801048
                    0x801800                  __FBOOT = 0x801800
                    0x57f00                  __FSEC = 0x57f00
                    0x57f10                  __FBSLIM = 0x57f10
                    0x57f14                  __FSIGN = 0x57f14
                    0x57f18                  __FOSCSEL = 0x57f18
                    0x57f1c                  __FOSC = 0x57f1c
                    0x57f20                  __FWDT = 0x57f20
                    0x57f24                  __FPOR = 0x57f24
                    0x57f28                  __FICD = 0x57f28
                    0x57f2c                  __FDMTIVTL = 0x57f2c
                    0x57f30                  __FDMTIVTH = 0x57f30
                    0x57f34                  __FDMTCNTL = 0x57f34
                    0x57f38                  __FDMTCNTH = 0x57f38
                    0x57f3c                  __FDMT = 0x57f3c
                    0x57f40                  __FDEVOPT = 0x57f40
                    0x57f44                  __FALTREG = 0x57f44
                    0x57f48                  __FMBXM = 0x57f48
                    0x57f4c                  __FMBXHS1 = 0x57f4c
                    0x57f50                  __FMBXHS2 = 0x57f50
                    0x57f54                  __FMBXHSEN = 0x57f54
                    0x57f58                  __FCFGPRA0 = 0x57f58
                    0x57f60                  __FCFGPRB0 = 0x57f60
                    0x57f68                  __FCFGPRC0 = 0x57f68
                    0x57f70                  __FCFGPRD0 = 0x57f70
                    0x57f78                  __FCFGPRE0 = 0x57f78
                    0x57f80                  __FS1OSCSEL = 0x57f80
                    0x57f84                  __FS1OSC = 0x57f84
                    0x57f88                  __FS1WDT = 0x57f88
                    0x57f8c                  __FS1POR = 0x57f8c
                    0x57f90                  __FS1ICD = 0x57f90
                    0x57f94                  __FS1DEVOPT = 0x57f94
                    0x57f98                  __FS1ALTREG = 0x57f98
                    0x57f9c                  __FS1DMTIVTL = 0x57f9c
                    0x57fa0                  __FS1DMTIVTH = 0x57fa0
                    0x57fa4                  __FS1DMTCNTL = 0x57fa4
                    0x57fa8                  __FS1DMTCNTH = 0x57fa8
                    0x57fac                  __FS1DMT = 0x57fac
                    0x57ffc                  __FBTSEQ = 0x57ffc
                    0x0200                  __CODE_BASE = 0x200
                    0x57d00                  __CODE_LENGTH = 0x57d00
                    0x0004                  __IVT_BASE = 0x4
                    0x6000                  __SECONDARY_CODE_LENGTH = 0x6000
                    0x1000                  __DATA_BASE = 0x1000
                    0xc000                  __DATA_LENGTH = 0xc000
                    0x7000                  __YDATA_BASE = 0x7000
                    0xcfff                  __YDATA_END = 0xcfff

.reset            0x000000          0x4
                  0x000000          0x2 SHORT 0x200 ABSOLUTE (__reset)
                  0x000001          0x2 SHORT 0x4
                  0x000002          0x2 SHORT 0x0 ((ABSOLUTE (__reset) >> 0x10) & 0x7f)
                  0x000003          0x2 SHORT 0x0

.text             0x000200        0x19c
 *(.init)
 .init            0x000200         0x46 c:/program files/microchip/xc16/v2.00/bin/bin/../../lib\libc99-pic30-elf.a(crt0_dualch.o)
                  0x000200                  __resetPRI
                  0x000200                  __reset
                  0x00023a                  __psv_init
 .init            0x000246        0x150 c:/program files/microchip/xc16/v2.00/bin/bin/../../lib\libc99-pic30-elf.a(data_init_dualch.o)
                  0x000246                  __data_init
                  0x000246                  __data_init_duo
                  0x0002f8                  __wipe_secondary
                  0x00032e                  __program_inactive_slave
                  0x00032e                  __program_inactive_secondary
                  0x000332                  __program_secondary
                  0x00037e                  __start_slave
                  0x00037e                  __start_secondary
                  0x00038a                  __stop_secondary
 *(.user_init)
 *(.handle)
 *(.isr*)
 .isr             0x000396          0x4 default_isr
                  0x000396                  __DefaultInterrupt
 *(.libc)
 *(.libm)
 *(.libdsp)
 *(.lib*)
 .libpic30_crt_start_mode
                  0x00039a          0x2 c:/program files/microchip/xc16/v2.00/bin/bin/../../lib\libc99-pic30-elf.a(crt_start_mode_normalch.Meo)
                  0x00039a                  __crt_start_mode
                  0x00039a                  __crt_start_mode_normal

usercode
 *(usercode)

__FBOOT
 *(__FBOOT.sec*)

__FSEC            0x057f00          0x2
 *(__FSEC.sec*)
 __FSEC.sec       0x057f00          0x2 /CW/_FSEC
                  0x057f00                  __FSEC.sec

__FBSLIM
 *(__FBSLIM.sec*)

__FSIGN
 *(__FSIGN.sec*)

__FOSCSEL
 *(__FOSCSEL.sec*)

__FOSC
 *(__FOSC.sec*)

__FWDT
 *(__FWDT.sec*)

__FPOR
 *(__FPOR.sec*)

__FICD
 *(__FICD.sec*)

__FDMTIVTL
 *(__FDMTIVTL.sec*)

__FDMTIVTH
 *(__FDMTIVTH.sec*)

__FDMTCNTL
 *(__FDMTCNTL.sec*)

__FDMTCNTH
 *(__FDMTCNTH.sec*)

__FDMT
 *(__FDMT.sec*)

__FDEVOPT
 *(__FDEVOPT.sec*)

__FALTREG
 *(__FALTREG.sec*)

__FMBXM
 *(__FMBXM.sec*)

__FMBXHS1
 *(__FMBXHS1.sec*)

__FMBXHS2
 *(__FMBXHS2.sec*)

__FMBXHSEN
 *(__FMBXHSEN.sec*)

__FCFGPRA0
 *(__FCFGPRA0.sec*)

__FCFGPRB0
 *(__FCFGPRB0.sec*)

__FCFGPRC0
 *(__FCFGPRC0.sec*)

__FCFGPRD0
 *(__FCFGPRD0.sec*)

__FCFGPRE0
 *(__FCFGPRE0.sec*)

__FS1OSCSEL
 *(__FS1OSCSEL.sec*)

__FS1OSC
 *(__FS1OSC.sec*)

__FS1WDT
 *(__FS1WDT.sec*)

__FS1POR
 *(__FS1POR.sec*)

__FS1ICD
 *(__FS1ICD.sec*)

__FS1DEVOPT
 *(__FS1DEVOPT.sec*)

__FS1ALTREG
 *(__FS1ALTREG.sec*)

__FS1DMTIVTL
 *(__FS1DMTIVTL.sec*)

__FS1DMTIVTH
 *(__FS1DMTIVTH.sec*)

__FS1DMTCNTL
 *(__FS1DMTCNTL.sec*)

__FS1DMTCNTH
 *(__FS1DMTCNTH.sec*)

__FS1DMT
 *(__FS1DMT.sec*)

__FBTSEQ
 *(__FBTSEQ.sec*)

.comment
 *(.comment)

.debug_info       0x000000        0x919
 *(.debug_info)
 .debug_info      0x000000        0x919 build/default/production/main.o
 *(.gnu.linkonce.wi.*)

.debug_abbrev     0x000000         0xea
 *(.debug_abbrev)
 .debug_abbrev    0x000000         0xea build/default/production/main.o

.debug_line       0x000000        0x1bd
 *(.debug_line)
 .debug_line      0x000000        0x1bd build/default/production/main.o

.debug_frame      0x000000         0x6a
 *(.debug_frame)
 .debug_frame     0x000000         0x6a build/default/production/main.o

.debug_str        0x000000         0x38
 *(.debug_str)
 .debug_str       0x000000         0x38 build/default/production/main.o

.debug_loc
 *(.debug_loc)

.debug_macinfo
 *(.debug_macinfo)

.debug_pubnames
                  0x000000         0x41
 *(.debug_pubnames)
 .debug_pubnames
                  0x000000         0x41 build/default/production/main.o

.debug_ranges
 *(.debug_ranges)

.debug_aranges    0x000000         0x18
 *(.debug_aranges)
 .debug_aranges
                  0x000000         0x18 build/default/production/main.o
                    0x0000                  WREG0 = 0x0
                    0x0000                  _WREG0 = 0x0
                    0x0002                  WREG1 = 0x2
                    0x0002                  _WREG1 = 0x2
                    0x0004                  WREG2 = 0x4
                    0x0004                  _WREG2 = 0x4
                    0x0006                  WREG3 = 0x6
                    0x0006                  _WREG3 = 0x6
                    0x0008                  WREG4 = 0x8
                    0x0008                  _WREG4 = 0x8
                    0x000a                  WREG5 = 0xa
                    0x000a                  _WREG5 = 0xa
                    0x000c                  WREG6 = 0xc
                    0x000c                  _WREG6 = 0xc
                    0x000e                  WREG7 = 0xe
                    0x000e                  _WREG7 = 0xe
                    0x0010                  WREG8 = 0x10
                    0x0010                  _WREG8 = 0x10
                    0x0012                  WREG9 = 0x12
                    0x0012                  _WREG9 = 0x12
                    0x0014                  WREG10 = 0x14
                    0x0014                  _WREG10 = 0x14
                    0x0016                  WREG11 = 0x16
                    0x0016                  _WREG11 = 0x16
                    0x0018                  WREG12 = 0x18
                    0x0018                  _WREG12 = 0x18
                    0x001a                  WREG13 = 0x1a
                    0x001a                  _WREG13 = 0x1a
                    0x001c                  WREG14 = 0x1c
                    0x001c                  _WREG14 = 0x1c
                    0x001e                  WREG15 = 0x1e
                    0x001e                  _WREG15 = 0x1e
                    0x0020                  SPLIM = 0x20
                    0x0020                  _SPLIM = 0x20
                    0x0022                  ACCAL = 0x22
                    0x0022                  _ACCAL = 0x22
                    0x0024                  ACCAH = 0x24
                    0x0024                  _ACCAH = 0x24
                    0x0026                  ACCAU = 0x26
                    0x0026                  _ACCAU = 0x26
                    0x0028                  ACCBL = 0x28
                    0x0028                  _ACCBL = 0x28
                    0x002a                  ACCBH = 0x2a
                    0x002a                  _ACCBH = 0x2a
                    0x002c                  ACCBU = 0x2c
                    0x002c                  _ACCBU = 0x2c
                    0x002e                  PCL = 0x2e
                    0x002e                  _PCL = 0x2e
                    0x0030                  PCH = 0x30
                    0x0030                  _PCH = 0x30
                    0x0032                  DSRPAG = 0x32
                    0x0032                  _DSRPAG = 0x32
                    0x0032                  _DSRPAGbits = 0x32
                    0x0034                  DSWPAG = 0x34
                    0x0034                  _DSWPAG = 0x34
                    0x0034                  _DSWPAGbits = 0x34
                    0x0036                  RCOUNT = 0x36
                    0x0036                  _RCOUNT = 0x36
                    0x0038                  DCOUNT = 0x38
                    0x0038                  _DCOUNT = 0x38
                    0x003a                  DOSTARTL = 0x3a
                    0x003a                  _DOSTARTL = 0x3a
                    0x003c                  DOSTARTH = 0x3c
                    0x003c                  _DOSTARTH = 0x3c
                    0x003e                  DOENDL = 0x3e
                    0x003e                  _DOENDL = 0x3e
                    0x0040                  DOENDH = 0x40
                    0x0040                  _DOENDH = 0x40
                    0x0042                  SR = 0x42
                    0x0042                  _SR = 0x42
                    0x0042                  _SRbits = 0x42
                    0x0044                  CORCON = 0x44
                    0x0044                  _CORCON = 0x44
                    0x0044                  _CORCONbits = 0x44
                    0x0046                  MODCON = 0x46
                    0x0046                  _MODCON = 0x46
                    0x0046                  _MODCONbits = 0x46
                    0x0048                  XMODSRT = 0x48
                    0x0048                  _XMODSRT = 0x48
                    0x004a                  XMODEND = 0x4a
                    0x004a                  _XMODEND = 0x4a
                    0x004c                  YMODSRT = 0x4c
                    0x004c                  _YMODSRT = 0x4c
                    0x004e                  YMODEND = 0x4e
                    0x004e                  _YMODEND = 0x4e
                    0x0050                  XBREV = 0x50
                    0x0050                  _XBREV = 0x50
                    0x0050                  _XBREVbits = 0x50
                    0x0052                  DISICNT = 0x52
                    0x0052                  _DISICNT = 0x52
                    0x0054                  TBLPAG = 0x54
                    0x0054                  _TBLPAG = 0x54
                    0x0054                  _TBLPAGbits = 0x54
                    0x0056                  YPAG = 0x56
                    0x0056                  _YPAG = 0x56
                    0x0056                  _YPAGbits = 0x56
                    0x0058                  MSTRPR = 0x58
                    0x0058                  _MSTRPR = 0x58
                    0x0058                  _MSTRPRbits = 0x58
                    0x005a                  CTXTSTAT = 0x5a
                    0x005a                  _CTXTSTAT = 0x5a
                    0x005a                  _CTXTSTATbits = 0x5a
                    0x005c                  DMTCON = 0x5c
                    0x005c                  _DMTCON = 0x5c
                    0x005c                  _DMTCONbits = 0x5c
                    0x0060                  DMTPRECLR = 0x60
                    0x0060                  _DMTPRECLR = 0x60
                    0x0060                  _DMTPRECLRbits = 0x60
                    0x0064                  DMTCLR = 0x64
                    0x0064                  _DMTCLR = 0x64
                    0x0064                  _DMTCLRbits = 0x64
                    0x0068                  DMTSTAT = 0x68
                    0x0068                  _DMTSTAT = 0x68
                    0x0068                  _DMTSTATbits = 0x68
                    0x006c                  DMTCNTL = 0x6c
                    0x006c                  _DMTCNTL = 0x6c
                    0x006e                  DMTCNTH = 0x6e
                    0x006e                  _DMTCNTH = 0x6e
                    0x0070                  DMTHOLDREG = 0x70
                    0x0070                  _DMTHOLDREG = 0x70
                    0x0074                  DMTPSCNTL = 0x74
                    0x0074                  _DMTPSCNTL = 0x74
                    0x0076                  DMTPSCNTH = 0x76
                    0x0076                  _DMTPSCNTH = 0x76
                    0x0078                  DMTPSINTVL = 0x78
                    0x0078                  _DMTPSINTVL = 0x78
                    0x007a                  DMTPSINTVH = 0x7a
                    0x007a                  _DMTPSINTVH = 0x7a
                    0x0080                  SENT1CON1 = 0x80
                    0x0080                  _SENT1CON1 = 0x80
                    0x0080                  _SENT1CON1bits = 0x80
                    0x0084                  SENT1CON2 = 0x84
                    0x0084                  _SENT1CON2 = 0x84
                    0x0088                  SENT1CON3 = 0x88
                    0x0088                  _SENT1CON3 = 0x88
                    0x008c                  SENT1STAT = 0x8c
                    0x008c                  _SENT1STAT = 0x8c
                    0x008c                  _SENT1STATbits = 0x8c
                    0x0090                  SENT1SYNC = 0x90
                    0x0090                  _SENT1SYNC = 0x90
                    0x0094                  SENT1DATL = 0x94
                    0x0094                  _SENT1DATL = 0x94
                    0x0094                  _SENT1DATLbits = 0x94
                    0x0096                  SENT1DATH = 0x96
                    0x0096                  _SENT1DATH = 0x96
                    0x0096                  _SENT1DATHbits = 0x96
                    0x0098                  SENT2CON1 = 0x98
                    0x0098                  _SENT2CON1 = 0x98
                    0x0098                  _SENT2CON1bits = 0x98
                    0x009c                  SENT2CON2 = 0x9c
                    0x009c                  _SENT2CON2 = 0x9c
                    0x00a0                  SENT2CON3 = 0xa0
                    0x00a0                  _SENT2CON3 = 0xa0
                    0x00a4                  SENT2STAT = 0xa4
                    0x00a4                  _SENT2STAT = 0xa4
                    0x00a4                  _SENT2STATbits = 0xa4
                    0x00a8                  SENT2SYNC = 0xa8
                    0x00a8                  _SENT2SYNC = 0xa8
                    0x00ac                  SENT2DATL = 0xac
                    0x00ac                  _SENT2DATL = 0xac
                    0x00ac                  _SENT2DATLbits = 0xac
                    0x00ae                  SENT2DATH = 0xae
                    0x00ae                  _SENT2DATH = 0xae
                    0x00ae                  _SENT2DATHbits = 0xae
                    0x00b0                  CRCCON1 = 0xb0
                    0x00b0                  _CRCCON1 = 0xb0
                    0x00b0                  _CRCCON1bits = 0xb0
                    0x00b0                  CRCCONL = 0xb0
                    0x00b0                  _CRCCONL = 0xb0
                    0x00b0                  _CRCCONLbits = 0xb0
                    0x00b2                  CRCCON2 = 0xb2
                    0x00b2                  _CRCCON2 = 0xb2
                    0x00b2                  _CRCCON2bits = 0xb2
                    0x00b2                  CRCCONH = 0xb2
                    0x00b2                  _CRCCONH = 0xb2
                    0x00b2                  _CRCCONHbits = 0xb2
                    0x00b4                  CRCXORL = 0xb4
                    0x00b4                  _CRCXORL = 0xb4
                    0x00b4                  _CRCXORLbits = 0xb4
                    0x00b6                  CRCXORH = 0xb6
                    0x00b6                  _CRCXORH = 0xb6
                    0x00b6                  _CRCXORHbits = 0xb6
                    0x00b8                  CRCDATL = 0xb8
                    0x00b8                  _CRCDATL = 0xb8
                    0x00ba                  CRCDATH = 0xba
                    0x00ba                  _CRCDATH = 0xba
                    0x00bc                  CRCWDATL = 0xbc
                    0x00bc                  _CRCWDATL = 0xbc
                    0x00be                  CRCWDATH = 0xbe
                    0x00be                  _CRCWDATH = 0xbe
                    0x00c0                  CLC1CONL = 0xc0
                    0x00c0                  _CLC1CONL = 0xc0
                    0x00c0                  _CLC1CONLbits = 0xc0
                    0x00c2                  CLC1CONH = 0xc2
                    0x00c2                  _CLC1CONH = 0xc2
                    0x00c2                  _CLC1CONHbits = 0xc2
                    0x00c4                  CLC1SEL = 0xc4
                    0x00c4                  _CLC1SEL = 0xc4
                    0x00c4                  _CLC1SELbits = 0xc4
                    0x00c4                  CLC1SELL = 0xc4
                    0x00c4                  _CLC1SELL = 0xc4
                    0x00c4                  _CLC1SELLbits = 0xc4
                    0x00c8                  CLC1GLSL = 0xc8
                    0x00c8                  _CLC1GLSL = 0xc8
                    0x00c8                  _CLC1GLSLbits = 0xc8
                    0x00ca                  CLC1GLSH = 0xca
                    0x00ca                  _CLC1GLSH = 0xca
                    0x00ca                  _CLC1GLSHbits = 0xca
                    0x00cc                  CLC2CONL = 0xcc
                    0x00cc                  _CLC2CONL = 0xcc
                    0x00cc                  _CLC2CONLbits = 0xcc
                    0x00ce                  CLC2CONH = 0xce
                    0x00ce                  _CLC2CONH = 0xce
                    0x00ce                  _CLC2CONHbits = 0xce
                    0x00d0                  CLC2SEL = 0xd0
                    0x00d0                  _CLC2SEL = 0xd0
                    0x00d0                  _CLC2SELbits = 0xd0
                    0x00d0                  CLC2SELL = 0xd0
                    0x00d0                  _CLC2SELL = 0xd0
                    0x00d0                  _CLC2SELLbits = 0xd0
                    0x00d4                  CLC2GLSL = 0xd4
                    0x00d4                  _CLC2GLSL = 0xd4
                    0x00d4                  _CLC2GLSLbits = 0xd4
                    0x00d6                  CLC2GLSH = 0xd6
                    0x00d6                  _CLC2GLSH = 0xd6
                    0x00d6                  _CLC2GLSHbits = 0xd6
                    0x00d8                  CLC3CONL = 0xd8
                    0x00d8                  _CLC3CONL = 0xd8
                    0x00d8                  _CLC3CONLbits = 0xd8
                    0x00da                  CLC3CONH = 0xda
                    0x00da                  _CLC3CONH = 0xda
                    0x00da                  _CLC3CONHbits = 0xda
                    0x00dc                  CLC3SEL = 0xdc
                    0x00dc                  _CLC3SEL = 0xdc
                    0x00dc                  _CLC3SELbits = 0xdc
                    0x00dc                  CLC3SELL = 0xdc
                    0x00dc                  _CLC3SELL = 0xdc
                    0x00dc                  _CLC3SELLbits = 0xdc
                    0x00e0                  CLC3GLSL = 0xe0
                    0x00e0                  _CLC3GLSL = 0xe0
                    0x00e0                  _CLC3GLSLbits = 0xe0
                    0x00e2                  CLC3GLSH = 0xe2
                    0x00e2                  _CLC3GLSH = 0xe2
                    0x00e2                  _CLC3GLSHbits = 0xe2
                    0x00e4                  CLC4CONL = 0xe4
                    0x00e4                  _CLC4CONL = 0xe4
                    0x00e4                  _CLC4CONLbits = 0xe4
                    0x00e6                  CLC4CONH = 0xe6
                    0x00e6                  _CLC4CONH = 0xe6
                    0x00e6                  _CLC4CONHbits = 0xe6
                    0x00e8                  CLC4SEL = 0xe8
                    0x00e8                  _CLC4SEL = 0xe8
                    0x00e8                  _CLC4SELbits = 0xe8
                    0x00e8                  CLC4SELL = 0xe8
                    0x00e8                  _CLC4SELL = 0xe8
                    0x00e8                  _CLC4SELLbits = 0xe8
                    0x00ec                  CLC4GLSL = 0xec
                    0x00ec                  _CLC4GLSL = 0xec
                    0x00ec                  _CLC4GLSLbits = 0xec
                    0x00ee                  CLC4GLSH = 0xee
                    0x00ee                  _CLC4GLSH = 0xee
                    0x00ee                  _CLC4GLSHbits = 0xee
                    0x00f0                  ECCCONL = 0xf0
                    0x00f0                  _ECCCONL = 0xf0
                    0x00f0                  _ECCCONLbits = 0xf0
                    0x00f2                  ECCCONH = 0xf2
                    0x00f2                  _ECCCONH = 0xf2
                    0x00f2                  _ECCCONHbits = 0xf2
                    0x00f4                  ECCADDRL = 0xf4
                    0x00f4                  _ECCADDRL = 0xf4
                    0x00f6                  ECCADDRH = 0xf6
                    0x00f6                  _ECCADDRH = 0xf6
                    0x00f8                  ECCSTATL = 0xf8
                    0x00f8                  _ECCSTATL = 0xf8
                    0x00f8                  _ECCSTATLbits = 0xf8
                    0x00fa                  ECCSTATH = 0xfa
                    0x00fa                  _ECCSTATH = 0xfa
                    0x00fa                  _ECCSTATHbits = 0xfa
                    0x0100                  T1CON = 0x100
                    0x0100                  _T1CON = 0x100
                    0x0100                  _T1CONbits = 0x100
                    0x0104                  TMR1 = 0x104
                    0x0104                  _TMR1 = 0x104
                    0x0108                  PR1 = 0x108
                    0x0108                  _PR1 = 0x108
                    0x0140                  QEI1CON = 0x140
                    0x0140                  _QEI1CON = 0x140
                    0x0140                  _QEI1CONbits = 0x140
                    0x0144                  QEI1IOC = 0x144
                    0x0144                  _QEI1IOC = 0x144
                    0x0144                  _QEI1IOCbits = 0x144
                    0x0146                  QEI1IOCH = 0x146
                    0x0146                  _QEI1IOCH = 0x146
                    0x0146                  _QEI1IOCHbits = 0x146
                    0x0148                  QEI1STAT = 0x148
                    0x0148                  _QEI1STAT = 0x148
                    0x0148                  _QEI1STATbits = 0x148
                    0x014c                  POS1CNTL = 0x14c
                    0x014c                  _POS1CNTL = 0x14c
                    0x014e                  POS1CNTH = 0x14e
                    0x014e                  _POS1CNTH = 0x14e
                    0x0152                  POS1HLD = 0x152
                    0x0152                  _POS1HLD = 0x152
                    0x0154                  VEL1CNT = 0x154
                    0x0154                  _VEL1CNT = 0x154
                    0x0156                  VEL1CNTH = 0x156
                    0x0156                  _VEL1CNTH = 0x156
                    0x015a                  VEL1HLD = 0x15a
                    0x015a                  _VEL1HLD = 0x15a
                    0x015c                  INT1TMRL = 0x15c
                    0x015c                  _INT1TMRL = 0x15c
                    0x015e                  INT1TMRH = 0x15e
                    0x015e                  _INT1TMRH = 0x15e
                    0x0160                  INT1HLDL = 0x160
                    0x0160                  _INT1HLDL = 0x160
                    0x0162                  INT1HLDH = 0x162
                    0x0162                  _INT1HLDH = 0x162
                    0x0164                  INDX1CNTL = 0x164
                    0x0164                  _INDX1CNTL = 0x164
                    0x0166                  INDX1CNTH = 0x166
                    0x0166                  _INDX1CNTH = 0x166
                    0x016a                  INDX1HLD = 0x16a
                    0x016a                  _INDX1HLD = 0x16a
                    0x016c                  QEI1GECL = 0x16c
                    0x016c                  _QEI1GECL = 0x16c
                    0x016c                  QEI1ICL = 0x16c
                    0x016c                  _QEI1ICL = 0x16c
                    0x016e                  QEI1GECH = 0x16e
                    0x016e                  _QEI1GECH = 0x16e
                    0x016e                  QEI1ICH = 0x16e
                    0x016e                  _QEI1ICH = 0x16e
                    0x0170                  QEI1LECL = 0x170
                    0x0170                  _QEI1LECL = 0x170
                    0x0172                  QEI1LECH = 0x172
                    0x0172                  _QEI1LECH = 0x172
                    0x01d2                  MSI1CON = 0x1d2
                    0x01d2                  _MSI1CON = 0x1d2
                    0x01d2                  _MSI1CONbits = 0x1d2
                    0x01d4                  MSI1STAT = 0x1d4
                    0x01d4                  _MSI1STAT = 0x1d4
                    0x01d4                  _MSI1STATbits = 0x1d4
                    0x01d6                  MSI1KEY = 0x1d6
                    0x01d6                  _MSI1KEY = 0x1d6
                    0x01d6                  _MSI1KEYbits = 0x1d6
                    0x01d8                  MSI1MBXS = 0x1d8
                    0x01d8                  _MSI1MBXS = 0x1d8
                    0x01d8                  _MSI1MBXSbits = 0x1d8
                    0x01da                  MSI1MBX0D = 0x1da
                    0x01da                  _MSI1MBX0D = 0x1da
                    0x01da                  _MSI1MBX0Dbits = 0x1da
                    0x01dc                  MSI1MBX1D = 0x1dc
                    0x01dc                  _MSI1MBX1D = 0x1dc
                    0x01dc                  _MSI1MBX1Dbits = 0x1dc
                    0x01de                  MSI1MBX2D = 0x1de
                    0x01de                  _MSI1MBX2D = 0x1de
                    0x01de                  _MSI1MBX2Dbits = 0x1de
                    0x01e0                  MSI1MBX3D = 0x1e0
                    0x01e0                  _MSI1MBX3D = 0x1e0
                    0x01e0                  _MSI1MBX3Dbits = 0x1e0
                    0x01e2                  MSI1MBX4D = 0x1e2
                    0x01e2                  _MSI1MBX4D = 0x1e2
                    0x01e2                  _MSI1MBX4Dbits = 0x1e2
                    0x01e4                  MSI1MBX5D = 0x1e4
                    0x01e4                  _MSI1MBX5D = 0x1e4
                    0x01e4                  _MSI1MBX5Dbits = 0x1e4
                    0x01e6                  MSI1MBX6D = 0x1e6
                    0x01e6                  _MSI1MBX6D = 0x1e6
                    0x01e6                  _MSI1MBX6Dbits = 0x1e6
                    0x01e8                  MSI1MBX7D = 0x1e8
                    0x01e8                  _MSI1MBX7D = 0x1e8
                    0x01e8                  _MSI1MBX7Dbits = 0x1e8
                    0x01ea                  MSI1MBX8D = 0x1ea
                    0x01ea                  _MSI1MBX8D = 0x1ea
                    0x01ea                  _MSI1MBX8Dbits = 0x1ea
                    0x01ec                  MSI1MBX9D = 0x1ec
                    0x01ec                  _MSI1MBX9D = 0x1ec
                    0x01ec                  _MSI1MBX9Dbits = 0x1ec
                    0x01ee                  MSI1MBX10D = 0x1ee
                    0x01ee                  _MSI1MBX10D = 0x1ee
                    0x01ee                  _MSI1MBX10Dbits = 0x1ee
                    0x01f0                  MSI1MBX11D = 0x1f0
                    0x01f0                  _MSI1MBX11D = 0x1f0
                    0x01f0                  _MSI1MBX11Dbits = 0x1f0
                    0x01f2                  MSI1MBX12D = 0x1f2
                    0x01f2                  _MSI1MBX12D = 0x1f2
                    0x01f2                  _MSI1MBX12Dbits = 0x1f2
                    0x01f4                  MSI1MBX13D = 0x1f4
                    0x01f4                  _MSI1MBX13D = 0x1f4
                    0x01f4                  _MSI1MBX13Dbits = 0x1f4
                    0x01f6                  MSI1MBX14D = 0x1f6
                    0x01f6                  _MSI1MBX14D = 0x1f6
                    0x01f6                  _MSI1MBX14Dbits = 0x1f6
                    0x01f8                  MSI1MBX15D = 0x1f8
                    0x01f8                  _MSI1MBX15D = 0x1f8
                    0x01f8                  _MSI1MBX15Dbits = 0x1f8
                    0x01fa                  MSI1FIFOCS = 0x1fa
                    0x01fa                  _MSI1FIFOCS = 0x1fa
                    0x01fa                  _MSI1FIFOCSbits = 0x1fa
                    0x01fc                  MRSWFDATA = 0x1fc
                    0x01fc                  _MRSWFDATA = 0x1fc
                    0x01fc                  _MRSWFDATAbits = 0x1fc
                    0x01fe                  MWSRFDATA = 0x1fe
                    0x01fe                  _MWSRFDATA = 0x1fe
                    0x01fe                  _MWSRFDATAbits = 0x1fe
                    0x0200                  I2C1CON1 = 0x200
                    0x0200                  _I2C1CON1 = 0x200
                    0x0200                  _I2C1CON1bits = 0x200
                    0x0200                  I2C1CONL = 0x200
                    0x0200                  _I2C1CONL = 0x200
                    0x0200                  _I2C1CONLbits = 0x200
                    0x0202                  I2C1CON2 = 0x202
                    0x0202                  _I2C1CON2 = 0x202
                    0x0202                  _I2C1CON2bits = 0x202
                    0x0202                  I2C1CONH = 0x202
                    0x0202                  _I2C1CONH = 0x202
                    0x0202                  _I2C1CONHbits = 0x202
                    0x0204                  I2C1STAT = 0x204
                    0x0204                  _I2C1STAT = 0x204
                    0x0204                  _I2C1STATbits = 0x204
                    0x0208                  I2C1ADD = 0x208
                    0x0208                  _I2C1ADD = 0x208
                    0x0208                  _I2C1ADDbits = 0x208
                    0x020c                  I2C1MSK = 0x20c
                    0x020c                  _I2C1MSK = 0x20c
                    0x020c                  _I2C1MSKbits = 0x20c
                    0x0210                  I2C1BRG = 0x210
                    0x0210                  _I2C1BRG = 0x210
                    0x0214                  I2C1TRN = 0x214
                    0x0214                  _I2C1TRN = 0x214
                    0x0214                  _I2C1TRNbits = 0x214
                    0x0218                  I2C1RCV = 0x218
                    0x0218                  _I2C1RCV = 0x218
                    0x0218                  _I2C1RCVbits = 0x218
                    0x021c                  I2C2CON1 = 0x21c
                    0x021c                  _I2C2CON1 = 0x21c
                    0x021c                  _I2C2CON1bits = 0x21c
                    0x021c                  I2C2CONL = 0x21c
                    0x021c                  _I2C2CONL = 0x21c
                    0x021c                  _I2C2CONLbits = 0x21c
                    0x021e                  I2C2CON2 = 0x21e
                    0x021e                  _I2C2CON2 = 0x21e
                    0x021e                  _I2C2CON2bits = 0x21e
                    0x021e                  I2C2CONH = 0x21e
                    0x021e                  _I2C2CONH = 0x21e
                    0x021e                  _I2C2CONHbits = 0x21e
                    0x0220                  I2C2STAT = 0x220
                    0x0220                  _I2C2STAT = 0x220
                    0x0220                  _I2C2STATbits = 0x220
                    0x0224                  I2C2ADD = 0x224
                    0x0224                  _I2C2ADD = 0x224
                    0x0224                  _I2C2ADDbits = 0x224
                    0x0228                  I2C2MSK = 0x228
                    0x0228                  _I2C2MSK = 0x228
                    0x0228                  _I2C2MSKbits = 0x228
                    0x022c                  I2C2BRG = 0x22c
                    0x022c                  _I2C2BRG = 0x22c
                    0x0230                  I2C2TRN = 0x230
                    0x0230                  _I2C2TRN = 0x230
                    0x0230                  _I2C2TRNbits = 0x230
                    0x0234                  I2C2RCV = 0x234
                    0x0234                  _I2C2RCV = 0x234
                    0x0234                  _I2C2RCVbits = 0x234
                    0x0238                  U1MODE = 0x238
                    0x0238                  _U1MODE = 0x238
                    0x0238                  _U1MODEbits = 0x238
                    0x023a                  U1MODEH = 0x23a
                    0x023a                  _U1MODEH = 0x23a
                    0x023a                  _U1MODEHbits = 0x23a
                    0x023c                  U1STA = 0x23c
                    0x023c                  _U1STA = 0x23c
                    0x023c                  _U1STAbits = 0x23c
                    0x023e                  U1STAH = 0x23e
                    0x023e                  _U1STAH = 0x23e
                    0x023e                  _U1STAHbits = 0x23e
                    0x0240                  U1BRG = 0x240
                    0x0240                  _U1BRG = 0x240
                    0x0240                  _U1BRGbits = 0x240
                    0x0242                  U1BRGH = 0x242
                    0x0242                  _U1BRGH = 0x242
                    0x0242                  _U1BRGHbits = 0x242
                    0x0244                  U1RXREG = 0x244
                    0x0244                  _U1RXREG = 0x244
                    0x0244                  _U1RXREGbits = 0x244
                    0x0248                  U1TXREG = 0x248
                    0x0248                  _U1TXREG = 0x248
                    0x0248                  _U1TXREGbits = 0x248
                    0x024c                  U1P1 = 0x24c
                    0x024c                  _U1P1 = 0x24c
                    0x024c                  _U1P1bits = 0x24c
                    0x024e                  U1P2 = 0x24e
                    0x024e                  _U1P2 = 0x24e
                    0x024e                  _U1P2bits = 0x24e
                    0x0250                  U1P3 = 0x250
                    0x0250                  _U1P3 = 0x250
                    0x0250                  _U1P3bits = 0x250
                    0x0252                  U1P3H = 0x252
                    0x0252                  _U1P3H = 0x252
                    0x0252                  _U1P3Hbits = 0x252
                    0x0254                  U1TXCHK = 0x254
                    0x0254                  _U1TXCHK = 0x254
                    0x0254                  _U1TXCHKbits = 0x254
                    0x0256                  U1RXCHK = 0x256
                    0x0256                  _U1RXCHK = 0x256
                    0x0256                  _U1RXCHKbits = 0x256
                    0x0258                  U1SCCON = 0x258
                    0x0258                  _U1SCCON = 0x258
                    0x0258                  _U1SCCONbits = 0x258
                    0x025a                  U1SCINT = 0x25a
                    0x025a                  _U1SCINT = 0x25a
                    0x025a                  _U1SCINTbits = 0x25a
                    0x025c                  U1INT = 0x25c
                    0x025c                  _U1INT = 0x25c
                    0x025c                  _U1INTbits = 0x25c
                    0x0260                  U2MODE = 0x260
                    0x0260                  _U2MODE = 0x260
                    0x0260                  _U2MODEbits = 0x260
                    0x0262                  U2MODEH = 0x262
                    0x0262                  _U2MODEH = 0x262
                    0x0262                  _U2MODEHbits = 0x262
                    0x0264                  U2STA = 0x264
                    0x0264                  _U2STA = 0x264
                    0x0264                  _U2STAbits = 0x264
                    0x0266                  U2STAH = 0x266
                    0x0266                  _U2STAH = 0x266
                    0x0266                  _U2STAHbits = 0x266
                    0x0268                  U2BRG = 0x268
                    0x0268                  _U2BRG = 0x268
                    0x0268                  _U2BRGbits = 0x268
                    0x026a                  U2BRGH = 0x26a
                    0x026a                  _U2BRGH = 0x26a
                    0x026a                  _U2BRGHbits = 0x26a
                    0x026c                  U2RXREG = 0x26c
                    0x026c                  _U2RXREG = 0x26c
                    0x026c                  _U2RXREGbits = 0x26c
                    0x0270                  U2TXREG = 0x270
                    0x0270                  _U2TXREG = 0x270
                    0x0270                  _U2TXREGbits = 0x270
                    0x0274                  U2P1 = 0x274
                    0x0274                  _U2P1 = 0x274
                    0x0274                  _U2P1bits = 0x274
                    0x0276                  U2P2 = 0x276
                    0x0276                  _U2P2 = 0x276
                    0x0276                  _U2P2bits = 0x276
                    0x0278                  U2P3 = 0x278
                    0x0278                  _U2P3 = 0x278
                    0x0278                  _U2P3bits = 0x278
                    0x027a                  U2P3H = 0x27a
                    0x027a                  _U2P3H = 0x27a
                    0x027a                  _U2P3Hbits = 0x27a
                    0x027c                  U2TXCHK = 0x27c
                    0x027c                  _U2TXCHK = 0x27c
                    0x027c                  _U2TXCHKbits = 0x27c
                    0x027e                  U2RXCHK = 0x27e
                    0x027e                  _U2RXCHK = 0x27e
                    0x027e                  _U2RXCHKbits = 0x27e
                    0x0280                  U2SCCON = 0x280
                    0x0280                  _U2SCCON = 0x280
                    0x0280                  _U2SCCONbits = 0x280
                    0x0282                  U2SCINT = 0x282
                    0x0282                  _U2SCINT = 0x282
                    0x0282                  _U2SCINTbits = 0x282
                    0x0284                  U2INT = 0x284
                    0x0284                  _U2INT = 0x284
                    0x0284                  _U2INTbits = 0x284
                    0x02ac                  SPI1CON1 = 0x2ac
                    0x02ac                  _SPI1CON1 = 0x2ac
                    0x02ac                  _SPI1CON1bits = 0x2ac
                    0x02ac                  SPI1CON1L = 0x2ac
                    0x02ac                  _SPI1CON1L = 0x2ac
                    0x02ac                  _SPI1CON1Lbits = 0x2ac
                    0x02ae                  SPI1CON1H = 0x2ae
                    0x02ae                  _SPI1CON1H = 0x2ae
                    0x02ae                  _SPI1CON1Hbits = 0x2ae
                    0x02ae                  SPI1CON2 = 0x2ae
                    0x02ae                  _SPI1CON2 = 0x2ae
                    0x02ae                  _SPI1CON2bits = 0x2ae
                    0x02b0                  SPI1CON2L = 0x2b0
                    0x02b0                  _SPI1CON2L = 0x2b0
                    0x02b0                  _SPI1CON2Lbits = 0x2b0
                    0x02b0                  SPI1CON3 = 0x2b0
                    0x02b0                  _SPI1CON3 = 0x2b0
                    0x02b0                  _SPI1CON3bits = 0x2b0
                    0x02b2                  SPI1CON2H = 0x2b2
                    0x02b2                  _SPI1CON2H = 0x2b2
                    0x02b2                  SPI1CON4 = 0x2b2
                    0x02b2                  _SPI1CON4 = 0x2b2
                    0x02b4                  SPI1STATL = 0x2b4
                    0x02b4                  _SPI1STATL = 0x2b4
                    0x02b4                  _SPI1STATLbits = 0x2b4
                    0x02b6                  SPI1STATH = 0x2b6
                    0x02b6                  _SPI1STATH = 0x2b6
                    0x02b6                  _SPI1STATHbits = 0x2b6
                    0x02b8                  SPI1BUFL = 0x2b8
                    0x02b8                  _SPI1BUFL = 0x2b8
                    0x02b8                  _SPI1BUFLbits = 0x2b8
                    0x02ba                  SPI1BUFH = 0x2ba
                    0x02ba                  _SPI1BUFH = 0x2ba
                    0x02ba                  _SPI1BUFHbits = 0x2ba
                    0x02bc                  SPI1BRGL = 0x2bc
                    0x02bc                  _SPI1BRGL = 0x2bc
                    0x02bc                  _SPI1BRGLbits = 0x2bc
                    0x02be                  SPI1BRGH = 0x2be
                    0x02be                  _SPI1BRGH = 0x2be
                    0x02c0                  SPI1IMSK1 = 0x2c0
                    0x02c0                  _SPI1IMSK1 = 0x2c0
                    0x02c0                  _SPI1IMSK1bits = 0x2c0
                    0x02c0                  SPI1IMSKL = 0x2c0
                    0x02c0                  _SPI1IMSKL = 0x2c0
                    0x02c0                  _SPI1IMSKLbits = 0x2c0
                    0x02c2                  SPI1IMSK2 = 0x2c2
                    0x02c2                  _SPI1IMSK2 = 0x2c2
                    0x02c2                  _SPI1IMSK2bits = 0x2c2
                    0x02c2                  SPI1IMSKH = 0x2c2
                    0x02c2                  _SPI1IMSKH = 0x2c2
                    0x02c2                  _SPI1IMSKHbits = 0x2c2
                    0x02c4                  SPI1URDTL = 0x2c4
                    0x02c4                  _SPI1URDTL = 0x2c4
                    0x02c4                  _SPI1URDTLbits = 0x2c4
                    0x02c6                  SPI1URDTH = 0x2c6
                    0x02c6                  _SPI1URDTH = 0x2c6
                    0x02c6                  _SPI1URDTHbits = 0x2c6
                    0x02c8                  SPI2CON1 = 0x2c8
                    0x02c8                  _SPI2CON1 = 0x2c8
                    0x02c8                  _SPI2CON1bits = 0x2c8
                    0x02c8                  SPI2CON1L = 0x2c8
                    0x02c8                  _SPI2CON1L = 0x2c8
                    0x02c8                  _SPI2CON1Lbits = 0x2c8
                    0x02ca                  SPI2CON1H = 0x2ca
                    0x02ca                  _SPI2CON1H = 0x2ca
                    0x02ca                  _SPI2CON1Hbits = 0x2ca
                    0x02ca                  SPI2CON2 = 0x2ca
                    0x02ca                  _SPI2CON2 = 0x2ca
                    0x02ca                  _SPI2CON2bits = 0x2ca
                    0x02cc                  SPI2CON2L = 0x2cc
                    0x02cc                  _SPI2CON2L = 0x2cc
                    0x02cc                  _SPI2CON2Lbits = 0x2cc
                    0x02cc                  SPI2CON3 = 0x2cc
                    0x02cc                  _SPI2CON3 = 0x2cc
                    0x02cc                  _SPI2CON3bits = 0x2cc
                    0x02ce                  SPI2CON2H = 0x2ce
                    0x02ce                  _SPI2CON2H = 0x2ce
                    0x02ce                  SPI2CON4 = 0x2ce
                    0x02ce                  _SPI2CON4 = 0x2ce
                    0x02d0                  SPI2STATL = 0x2d0
                    0x02d0                  _SPI2STATL = 0x2d0
                    0x02d0                  _SPI2STATLbits = 0x2d0
                    0x02d2                  SPI2STATH = 0x2d2
                    0x02d2                  _SPI2STATH = 0x2d2
                    0x02d2                  _SPI2STATHbits = 0x2d2
                    0x02d4                  SPI2BUFL = 0x2d4
                    0x02d4                  _SPI2BUFL = 0x2d4
                    0x02d4                  _SPI2BUFLbits = 0x2d4
                    0x02d6                  SPI2BUFH = 0x2d6
                    0x02d6                  _SPI2BUFH = 0x2d6
                    0x02d6                  _SPI2BUFHbits = 0x2d6
                    0x02d8                  SPI2BRGL = 0x2d8
                    0x02d8                  _SPI2BRGL = 0x2d8
                    0x02d8                  _SPI2BRGLbits = 0x2d8
                    0x02da                  SPI2BRGH = 0x2da
                    0x02da                  _SPI2BRGH = 0x2da
                    0x02dc                  SPI2IMSK1 = 0x2dc
                    0x02dc                  _SPI2IMSK1 = 0x2dc
                    0x02dc                  _SPI2IMSK1bits = 0x2dc
                    0x02dc                  SPI2IMSKL = 0x2dc
                    0x02dc                  _SPI2IMSKL = 0x2dc
                    0x02dc                  _SPI2IMSKLbits = 0x2dc
                    0x02de                  SPI2IMSK2 = 0x2de
                    0x02de                  _SPI2IMSK2 = 0x2de
                    0x02de                  _SPI2IMSK2bits = 0x2de
                    0x02de                  SPI2IMSKH = 0x2de
                    0x02de                  _SPI2IMSKH = 0x2de
                    0x02de                  _SPI2IMSKHbits = 0x2de
                    0x02e0                  SPI2URDTL = 0x2e0
                    0x02e0                  _SPI2URDTL = 0x2e0
                    0x02e0                  _SPI2URDTLbits = 0x2e0
                    0x02e2                  SPI2URDTH = 0x2e2
                    0x02e2                  _SPI2URDTH = 0x2e2
                    0x02e2                  _SPI2URDTHbits = 0x2e2
                    0x0300                  PCLKCON = 0x300
                    0x0300                  _PCLKCON = 0x300
                    0x0300                  _PCLKCONbits = 0x300
                    0x0302                  FSCL = 0x302
                    0x0302                  _FSCL = 0x302
                    0x0304                  FSMINPER = 0x304
                    0x0304                  _FSMINPER = 0x304
                    0x0306                  MPHASE = 0x306
                    0x0306                  _MPHASE = 0x306
                    0x0308                  MDC = 0x308
                    0x0308                  _MDC = 0x308
                    0x030a                  MPER = 0x30a
                    0x030a                  _MPER = 0x30a
                    0x030c                  LFSR = 0x30c
                    0x030c                  _LFSR = 0x30c
                    0x030c                  _LFSRbits = 0x30c
                    0x030e                  CMBTRIGL = 0x30e
                    0x030e                  _CMBTRIGL = 0x30e
                    0x030e                  _CMBTRIGLbits = 0x30e
                    0x0310                  CMBTRIGH = 0x310
                    0x0310                  _CMBTRIGH = 0x310
                    0x0310                  _CMBTRIGHbits = 0x310
                    0x0312                  LOGCONA = 0x312
                    0x0312                  _LOGCONA = 0x312
                    0x0312                  _LOGCONAbits = 0x312
                    0x0314                  LOGCONB = 0x314
                    0x0314                  _LOGCONB = 0x314
                    0x0314                  _LOGCONBbits = 0x314
                    0x0316                  LOGCONC = 0x316
                    0x0316                  _LOGCONC = 0x316
                    0x0316                  _LOGCONCbits = 0x316
                    0x0318                  LOGCOND = 0x318
                    0x0318                  _LOGCOND = 0x318
                    0x0318                  _LOGCONDbits = 0x318
                    0x031a                  LOGCONE = 0x31a
                    0x031a                  _LOGCONE = 0x31a
                    0x031a                  _LOGCONEbits = 0x31a
                    0x031c                  LOGCONF = 0x31c
                    0x031c                  _LOGCONF = 0x31c
                    0x031c                  _LOGCONFbits = 0x31c
                    0x031e                  PWMEVTA = 0x31e
                    0x031e                  _PWMEVTA = 0x31e
                    0x031e                  _PWMEVTAbits = 0x31e
                    0x0320                  PWMEVTB = 0x320
                    0x0320                  _PWMEVTB = 0x320
                    0x0320                  _PWMEVTBbits = 0x320
                    0x0322                  PWMEVTC = 0x322
                    0x0322                  _PWMEVTC = 0x322
                    0x0322                  _PWMEVTCbits = 0x322
                    0x0324                  PWMEVTD = 0x324
                    0x0324                  _PWMEVTD = 0x324
                    0x0324                  _PWMEVTDbits = 0x324
                    0x0326                  PWMEVTE = 0x326
                    0x0326                  _PWMEVTE = 0x326
                    0x0326                  _PWMEVTEbits = 0x326
                    0x0328                  PWMEVTF = 0x328
                    0x0328                  _PWMEVTF = 0x328
                    0x0328                  _PWMEVTFbits = 0x328
                    0x032a                  PG1CONL = 0x32a
                    0x032a                  _PG1CONL = 0x32a
                    0x032a                  _PG1CONLbits = 0x32a
                    0x032c                  PG1CONH = 0x32c
                    0x032c                  _PG1CONH = 0x32c
                    0x032c                  _PG1CONHbits = 0x32c
                    0x032e                  PG1STAT = 0x32e
                    0x032e                  _PG1STAT = 0x32e
                    0x032e                  _PG1STATbits = 0x32e
                    0x0330                  PG1IOCONL = 0x330
                    0x0330                  _PG1IOCONL = 0x330
                    0x0330                  _PG1IOCONLbits = 0x330
                    0x0332                  PG1IOCONH = 0x332
                    0x0332                  _PG1IOCONH = 0x332
                    0x0332                  _PG1IOCONHbits = 0x332
                    0x0334                  PG1EVTL = 0x334
                    0x0334                  _PG1EVTL = 0x334
                    0x0334                  _PG1EVTLbits = 0x334
                    0x0336                  PG1EVTH = 0x336
                    0x0336                  _PG1EVTH = 0x336
                    0x0336                  _PG1EVTHbits = 0x336
                    0x0338                  PG1FPCIL = 0x338
                    0x0338                  _PG1FPCIL = 0x338
                    0x0338                  _PG1FPCILbits = 0x338
                    0x033a                  PG1FPCIH = 0x33a
                    0x033a                  _PG1FPCIH = 0x33a
                    0x033a                  _PG1FPCIHbits = 0x33a
                    0x033c                  PG1CLPCIL = 0x33c
                    0x033c                  _PG1CLPCIL = 0x33c
                    0x033c                  _PG1CLPCILbits = 0x33c
                    0x033e                  PG1CLPCIH = 0x33e
                    0x033e                  _PG1CLPCIH = 0x33e
                    0x033e                  _PG1CLPCIHbits = 0x33e
                    0x0340                  PG1FFPCIL = 0x340
                    0x0340                  _PG1FFPCIL = 0x340
                    0x0340                  _PG1FFPCILbits = 0x340
                    0x0342                  PG1FFPCIH = 0x342
                    0x0342                  _PG1FFPCIH = 0x342
                    0x0342                  _PG1FFPCIHbits = 0x342
                    0x0344                  PG1SPCIL = 0x344
                    0x0344                  _PG1SPCIL = 0x344
                    0x0344                  _PG1SPCILbits = 0x344
                    0x0346                  PG1SPCIH = 0x346
                    0x0346                  _PG1SPCIH = 0x346
                    0x0346                  _PG1SPCIHbits = 0x346
                    0x0348                  PG1LEBL = 0x348
                    0x0348                  _PG1LEBL = 0x348
                    0x034a                  PG1LEBH = 0x34a
                    0x034a                  _PG1LEBH = 0x34a
                    0x034a                  _PG1LEBHbits = 0x34a
                    0x034c                  PG1PHASE = 0x34c
                    0x034c                  _PG1PHASE = 0x34c
                    0x034e                  PG1DC = 0x34e
                    0x034e                  _PG1DC = 0x34e
                    0x0350                  PG1DCA = 0x350
                    0x0350                  _PG1DCA = 0x350
                    0x0350                  _PG1DCAbits = 0x350
                    0x0352                  PG1PER = 0x352
                    0x0352                  _PG1PER = 0x352
                    0x0354                  PG1TRIGA = 0x354
                    0x0354                  _PG1TRIGA = 0x354
                    0x0356                  PG1TRIGB = 0x356
                    0x0356                  _PG1TRIGB = 0x356
                    0x0358                  PG1TRIGC = 0x358
                    0x0358                  _PG1TRIGC = 0x358
                    0x035a                  PG1DTL = 0x35a
                    0x035a                  _PG1DTL = 0x35a
                    0x035a                  _PG1DTLbits = 0x35a
                    0x035c                  PG1DTH = 0x35c
                    0x035c                  _PG1DTH = 0x35c
                    0x035c                  _PG1DTHbits = 0x35c
                    0x035e                  PG1CAP = 0x35e
                    0x035e                  _PG1CAP = 0x35e
                    0x0360                  PG2CONL = 0x360
                    0x0360                  _PG2CONL = 0x360
                    0x0360                  _PG2CONLbits = 0x360
                    0x0362                  PG2CONH = 0x362
                    0x0362                  _PG2CONH = 0x362
                    0x0362                  _PG2CONHbits = 0x362
                    0x0364                  PG2STAT = 0x364
                    0x0364                  _PG2STAT = 0x364
                    0x0364                  _PG2STATbits = 0x364
                    0x0366                  PG2IOCONL = 0x366
                    0x0366                  _PG2IOCONL = 0x366
                    0x0366                  _PG2IOCONLbits = 0x366
                    0x0368                  PG2IOCONH = 0x368
                    0x0368                  _PG2IOCONH = 0x368
                    0x0368                  _PG2IOCONHbits = 0x368
                    0x036a                  PG2EVTL = 0x36a
                    0x036a                  _PG2EVTL = 0x36a
                    0x036a                  _PG2EVTLbits = 0x36a
                    0x036c                  PG2EVTH = 0x36c
                    0x036c                  _PG2EVTH = 0x36c
                    0x036c                  _PG2EVTHbits = 0x36c
                    0x036e                  PG2FPCIL = 0x36e
                    0x036e                  _PG2FPCIL = 0x36e
                    0x036e                  _PG2FPCILbits = 0x36e
                    0x0370                  PG2FPCIH = 0x370
                    0x0370                  _PG2FPCIH = 0x370
                    0x0370                  _PG2FPCIHbits = 0x370
                    0x0372                  PG2CLPCIL = 0x372
                    0x0372                  _PG2CLPCIL = 0x372
                    0x0372                  _PG2CLPCILbits = 0x372
                    0x0374                  PG2CLPCIH = 0x374
                    0x0374                  _PG2CLPCIH = 0x374
                    0x0374                  _PG2CLPCIHbits = 0x374
                    0x0376                  PG2FFPCIL = 0x376
                    0x0376                  _PG2FFPCIL = 0x376
                    0x0376                  _PG2FFPCILbits = 0x376
                    0x0378                  PG2FFPCIH = 0x378
                    0x0378                  _PG2FFPCIH = 0x378
                    0x0378                  _PG2FFPCIHbits = 0x378
                    0x037a                  PG2SPCIL = 0x37a
                    0x037a                  _PG2SPCIL = 0x37a
                    0x037a                  _PG2SPCILbits = 0x37a
                    0x037c                  PG2SPCIH = 0x37c
                    0x037c                  _PG2SPCIH = 0x37c
                    0x037c                  _PG2SPCIHbits = 0x37c
                    0x037e                  PG2LEBL = 0x37e
                    0x037e                  _PG2LEBL = 0x37e
                    0x0380                  PG2LEBH = 0x380
                    0x0380                  _PG2LEBH = 0x380
                    0x0380                  _PG2LEBHbits = 0x380
                    0x0382                  PG2PHASE = 0x382
                    0x0382                  _PG2PHASE = 0x382
                    0x0384                  PG2DC = 0x384
                    0x0384                  _PG2DC = 0x384
                    0x0386                  PG2DCA = 0x386
                    0x0386                  _PG2DCA = 0x386
                    0x0386                  _PG2DCAbits = 0x386
                    0x0388                  PG2PER = 0x388
                    0x0388                  _PG2PER = 0x388
                    0x038a                  PG2TRIGA = 0x38a
                    0x038a                  _PG2TRIGA = 0x38a
                    0x038c                  PG2TRIGB = 0x38c
                    0x038c                  _PG2TRIGB = 0x38c
                    0x038e                  PG2TRIGC = 0x38e
                    0x038e                  _PG2TRIGC = 0x38e
                    0x0390                  PG2DTL = 0x390
                    0x0390                  _PG2DTL = 0x390
                    0x0390                  _PG2DTLbits = 0x390
                    0x0392                  PG2DTH = 0x392
                    0x0392                  _PG2DTH = 0x392
                    0x0392                  _PG2DTHbits = 0x392
                    0x0394                  PG2CAP = 0x394
                    0x0394                  _PG2CAP = 0x394
                    0x0396                  PG3CONL = 0x396
                    0x0396                  _PG3CONL = 0x396
                    0x0396                  _PG3CONLbits = 0x396
                    0x0398                  PG3CONH = 0x398
                    0x0398                  _PG3CONH = 0x398
                    0x0398                  _PG3CONHbits = 0x398
                    0x039a                  PG3STAT = 0x39a
                    0x039a                  _PG3STAT = 0x39a
                    0x039a                  _PG3STATbits = 0x39a
                    0x039c                  PG3IOCONL = 0x39c
                    0x039c                  _PG3IOCONL = 0x39c
                    0x039c                  _PG3IOCONLbits = 0x39c
                    0x039e                  PG3IOCONH = 0x39e
                    0x039e                  _PG3IOCONH = 0x39e
                    0x039e                  _PG3IOCONHbits = 0x39e
                    0x03a0                  PG3EVTL = 0x3a0
                    0x03a0                  _PG3EVTL = 0x3a0
                    0x03a0                  _PG3EVTLbits = 0x3a0
                    0x03a2                  PG3EVTH = 0x3a2
                    0x03a2                  _PG3EVTH = 0x3a2
                    0x03a2                  _PG3EVTHbits = 0x3a2
                    0x03a4                  PG3FPCIL = 0x3a4
                    0x03a4                  _PG3FPCIL = 0x3a4
                    0x03a4                  _PG3FPCILbits = 0x3a4
                    0x03a6                  PG3FPCIH = 0x3a6
                    0x03a6                  _PG3FPCIH = 0x3a6
                    0x03a6                  _PG3FPCIHbits = 0x3a6
                    0x03a8                  PG3CLPCIL = 0x3a8
                    0x03a8                  _PG3CLPCIL = 0x3a8
                    0x03a8                  _PG3CLPCILbits = 0x3a8
                    0x03aa                  PG3CLPCIH = 0x3aa
                    0x03aa                  _PG3CLPCIH = 0x3aa
                    0x03aa                  _PG3CLPCIHbits = 0x3aa
                    0x03ac                  PG3FFPCIL = 0x3ac
                    0x03ac                  _PG3FFPCIL = 0x3ac
                    0x03ac                  _PG3FFPCILbits = 0x3ac
                    0x03ae                  PG3FFPCIH = 0x3ae
                    0x03ae                  _PG3FFPCIH = 0x3ae
                    0x03ae                  _PG3FFPCIHbits = 0x3ae
                    0x03b0                  PG3SPCIL = 0x3b0
                    0x03b0                  _PG3SPCIL = 0x3b0
                    0x03b0                  _PG3SPCILbits = 0x3b0
                    0x03b2                  PG3SPCIH = 0x3b2
                    0x03b2                  _PG3SPCIH = 0x3b2
                    0x03b2                  _PG3SPCIHbits = 0x3b2
                    0x03b4                  PG3LEBL = 0x3b4
                    0x03b4                  _PG3LEBL = 0x3b4
                    0x03b6                  PG3LEBH = 0x3b6
                    0x03b6                  _PG3LEBH = 0x3b6
                    0x03b6                  _PG3LEBHbits = 0x3b6
                    0x03b8                  PG3PHASE = 0x3b8
                    0x03b8                  _PG3PHASE = 0x3b8
                    0x03ba                  PG3DC = 0x3ba
                    0x03ba                  _PG3DC = 0x3ba
                    0x03bc                  PG3DCA = 0x3bc
                    0x03bc                  _PG3DCA = 0x3bc
                    0x03bc                  _PG3DCAbits = 0x3bc
                    0x03be                  PG3PER = 0x3be
                    0x03be                  _PG3PER = 0x3be
                    0x03c0                  PG3TRIGA = 0x3c0
                    0x03c0                  _PG3TRIGA = 0x3c0
                    0x03c2                  PG3TRIGB = 0x3c2
                    0x03c2                  _PG3TRIGB = 0x3c2
                    0x03c4                  PG3TRIGC = 0x3c4
                    0x03c4                  _PG3TRIGC = 0x3c4
                    0x03c6                  PG3DTL = 0x3c6
                    0x03c6                  _PG3DTL = 0x3c6
                    0x03c6                  _PG3DTLbits = 0x3c6
                    0x03c8                  PG3DTH = 0x3c8
                    0x03c8                  _PG3DTH = 0x3c8
                    0x03c8                  _PG3DTHbits = 0x3c8
                    0x03ca                  PG3CAP = 0x3ca
                    0x03ca                  _PG3CAP = 0x3ca
                    0x03cc                  PG4CONL = 0x3cc
                    0x03cc                  _PG4CONL = 0x3cc
                    0x03cc                  _PG4CONLbits = 0x3cc
                    0x03ce                  PG4CONH = 0x3ce
                    0x03ce                  _PG4CONH = 0x3ce
                    0x03ce                  _PG4CONHbits = 0x3ce
                    0x03d0                  PG4STAT = 0x3d0
                    0x03d0                  _PG4STAT = 0x3d0
                    0x03d0                  _PG4STATbits = 0x3d0
                    0x03d2                  PG4IOCONL = 0x3d2
                    0x03d2                  _PG4IOCONL = 0x3d2
                    0x03d2                  _PG4IOCONLbits = 0x3d2
                    0x03d4                  PG4IOCONH = 0x3d4
                    0x03d4                  _PG4IOCONH = 0x3d4
                    0x03d4                  _PG4IOCONHbits = 0x3d4
                    0x03d6                  PG4EVTL = 0x3d6
                    0x03d6                  _PG4EVTL = 0x3d6
                    0x03d6                  _PG4EVTLbits = 0x3d6
                    0x03d8                  PG4EVTH = 0x3d8
                    0x03d8                  _PG4EVTH = 0x3d8
                    0x03d8                  _PG4EVTHbits = 0x3d8
                    0x03da                  PG4FPCIL = 0x3da
                    0x03da                  _PG4FPCIL = 0x3da
                    0x03da                  _PG4FPCILbits = 0x3da
                    0x03dc                  PG4FPCIH = 0x3dc
                    0x03dc                  _PG4FPCIH = 0x3dc
                    0x03dc                  _PG4FPCIHbits = 0x3dc
                    0x03de                  PG4CLPCIL = 0x3de
                    0x03de                  _PG4CLPCIL = 0x3de
                    0x03de                  _PG4CLPCILbits = 0x3de
                    0x03e0                  PG4CLPCIH = 0x3e0
                    0x03e0                  _PG4CLPCIH = 0x3e0
                    0x03e0                  _PG4CLPCIHbits = 0x3e0
                    0x03e2                  PG4FFPCIL = 0x3e2
                    0x03e2                  _PG4FFPCIL = 0x3e2
                    0x03e2                  _PG4FFPCILbits = 0x3e2
                    0x03e4                  PG4FFPCIH = 0x3e4
                    0x03e4                  _PG4FFPCIH = 0x3e4
                    0x03e4                  _PG4FFPCIHbits = 0x3e4
                    0x03e6                  PG4SPCIL = 0x3e6
                    0x03e6                  _PG4SPCIL = 0x3e6
                    0x03e6                  _PG4SPCILbits = 0x3e6
                    0x03e8                  PG4SPCIH = 0x3e8
                    0x03e8                  _PG4SPCIH = 0x3e8
                    0x03e8                  _PG4SPCIHbits = 0x3e8
                    0x03ea                  PG4LEBL = 0x3ea
                    0x03ea                  _PG4LEBL = 0x3ea
                    0x03ec                  PG4LEBH = 0x3ec
                    0x03ec                  _PG4LEBH = 0x3ec
                    0x03ec                  _PG4LEBHbits = 0x3ec
                    0x03ee                  PG4PHASE = 0x3ee
                    0x03ee                  _PG4PHASE = 0x3ee
                    0x03f0                  PG4DC = 0x3f0
                    0x03f0                  _PG4DC = 0x3f0
                    0x03f2                  PG4DCA = 0x3f2
                    0x03f2                  _PG4DCA = 0x3f2
                    0x03f2                  _PG4DCAbits = 0x3f2
                    0x03f4                  PG4PER = 0x3f4
                    0x03f4                  _PG4PER = 0x3f4
                    0x03f6                  PG4TRIGA = 0x3f6
                    0x03f6                  _PG4TRIGA = 0x3f6
                    0x03f8                  PG4TRIGB = 0x3f8
                    0x03f8                  _PG4TRIGB = 0x3f8
                    0x03fa                  PG4TRIGC = 0x3fa
                    0x03fa                  _PG4TRIGC = 0x3fa
                    0x03fc                  PG4DTL = 0x3fc
                    0x03fc                  _PG4DTL = 0x3fc
                    0x03fc                  _PG4DTLbits = 0x3fc
                    0x03fe                  PG4DTH = 0x3fe
                    0x03fe                  _PG4DTH = 0x3fe
                    0x03fe                  _PG4DTHbits = 0x3fe
                    0x0400                  PG4CAP = 0x400
                    0x0400                  _PG4CAP = 0x400
                    0x0440                  C2CONL = 0x440
                    0x0440                  _C2CONL = 0x440
                    0x0440                  _C2CONLbits = 0x440
                    0x0442                  C2CONH = 0x442
                    0x0442                  _C2CONH = 0x442
                    0x0442                  _C2CONHbits = 0x442
                    0x0444                  C2NBTCFGL = 0x444
                    0x0444                  _C2NBTCFGL = 0x444
                    0x0444                  _C2NBTCFGLbits = 0x444
                    0x0446                  C2NBTCFGH = 0x446
                    0x0446                  _C2NBTCFGH = 0x446
                    0x0446                  _C2NBTCFGHbits = 0x446
                    0x0448                  C2DBTCFGL = 0x448
                    0x0448                  _C2DBTCFGL = 0x448
                    0x0448                  _C2DBTCFGLbits = 0x448
                    0x044a                  C2DBTCFGH = 0x44a
                    0x044a                  _C2DBTCFGH = 0x44a
                    0x044a                  _C2DBTCFGHbits = 0x44a
                    0x044c                  C2TDCL = 0x44c
                    0x044c                  _C2TDCL = 0x44c
                    0x044c                  _C2TDCLbits = 0x44c
                    0x044e                  C2TDCH = 0x44e
                    0x044e                  _C2TDCH = 0x44e
                    0x044e                  _C2TDCHbits = 0x44e
                    0x0450                  C2TBCL = 0x450
                    0x0450                  _C2TBCL = 0x450
                    0x0450                  _C2TBCLbits = 0x450
                    0x0452                  C2TBCH = 0x452
                    0x0452                  _C2TBCH = 0x452
                    0x0452                  _C2TBCHbits = 0x452
                    0x0454                  C2TSCONL = 0x454
                    0x0454                  _C2TSCONL = 0x454
                    0x0454                  _C2TSCONLbits = 0x454
                    0x0456                  C2TSCONH = 0x456
                    0x0456                  _C2TSCONH = 0x456
                    0x0456                  _C2TSCONHbits = 0x456
                    0x0458                  C2VECL = 0x458
                    0x0458                  _C2VECL = 0x458
                    0x0458                  _C2VECLbits = 0x458
                    0x045a                  C2VECH = 0x45a
                    0x045a                  _C2VECH = 0x45a
                    0x045a                  _C2VECHbits = 0x45a
                    0x045c                  C2INTL = 0x45c
                    0x045c                  _C2INTL = 0x45c
                    0x045c                  _C2INTLbits = 0x45c
                    0x045e                  C2INTH = 0x45e
                    0x045e                  _C2INTH = 0x45e
                    0x045e                  _C2INTHbits = 0x45e
                    0x0460                  C2RXIFL = 0x460
                    0x0460                  _C2RXIFL = 0x460
                    0x0460                  _C2RXIFLbits = 0x460
                    0x0462                  C2RXIFH = 0x462
                    0x0462                  _C2RXIFH = 0x462
                    0x0462                  _C2RXIFHbits = 0x462
                    0x0464                  C2TXIFL = 0x464
                    0x0464                  _C2TXIFL = 0x464
                    0x0464                  _C2TXIFLbits = 0x464
                    0x0466                  C2TXIFH = 0x466
                    0x0466                  _C2TXIFH = 0x466
                    0x0466                  _C2TXIFHbits = 0x466
                    0x0468                  C2RXOVIFL = 0x468
                    0x0468                  _C2RXOVIFL = 0x468
                    0x0468                  _C2RXOVIFLbits = 0x468
                    0x046a                  C2RXOVIFH = 0x46a
                    0x046a                  _C2RXOVIFH = 0x46a
                    0x046a                  _C2RXOVIFHbits = 0x46a
                    0x046c                  C2TXATIFL = 0x46c
                    0x046c                  _C2TXATIFL = 0x46c
                    0x046c                  _C2TXATIFLbits = 0x46c
                    0x046e                  C2TXATIFH = 0x46e
                    0x046e                  _C2TXATIFH = 0x46e
                    0x046e                  _C2TXATIFHbits = 0x46e
                    0x0470                  C2TXREQL = 0x470
                    0x0470                  _C2TXREQL = 0x470
                    0x0470                  _C2TXREQLbits = 0x470
                    0x0472                  C2TXREQH = 0x472
                    0x0472                  _C2TXREQH = 0x472
                    0x0472                  _C2TXREQHbits = 0x472
                    0x0474                  C2TRECL = 0x474
                    0x0474                  _C2TRECL = 0x474
                    0x0474                  _C2TRECLbits = 0x474
                    0x0476                  C2TRECH = 0x476
                    0x0476                  _C2TRECH = 0x476
                    0x0476                  _C2TRECHbits = 0x476
                    0x0478                  C2BDIAG0L = 0x478
                    0x0478                  _C2BDIAG0L = 0x478
                    0x0478                  _C2BDIAG0Lbits = 0x478
                    0x047a                  C2BDIAG0H = 0x47a
                    0x047a                  _C2BDIAG0H = 0x47a
                    0x047a                  _C2BDIAG0Hbits = 0x47a
                    0x047c                  C2BDIAG1L = 0x47c
                    0x047c                  _C2BDIAG1L = 0x47c
                    0x047c                  _C2BDIAG1Lbits = 0x47c
                    0x047e                  C2BDIAG1H = 0x47e
                    0x047e                  _C2BDIAG1H = 0x47e
                    0x047e                  _C2BDIAG1Hbits = 0x47e
                    0x0480                  C2TEFCONL = 0x480
                    0x0480                  _C2TEFCONL = 0x480
                    0x0480                  _C2TEFCONLbits = 0x480
                    0x0482                  C2TEFCONH = 0x482
                    0x0482                  _C2TEFCONH = 0x482
                    0x0482                  _C2TEFCONHbits = 0x482
                    0x0484                  C2TEFSTA = 0x484
                    0x0484                  _C2TEFSTA = 0x484
                    0x0484                  _C2TEFSTAbits = 0x484
                    0x0488                  C2TEFUAL = 0x488
                    0x0488                  _C2TEFUAL = 0x488
                    0x0488                  _C2TEFUALbits = 0x488
                    0x048a                  C2TEFUAH = 0x48a
                    0x048a                  _C2TEFUAH = 0x48a
                    0x048a                  _C2TEFUAHbits = 0x48a
                    0x048c                  C2FIFOBAL = 0x48c
                    0x048c                  _C2FIFOBAL = 0x48c
                    0x048c                  _C2FIFOBALbits = 0x48c
                    0x048e                  C2FIFOBAH = 0x48e
                    0x048e                  _C2FIFOBAH = 0x48e
                    0x048e                  _C2FIFOBAHbits = 0x48e
                    0x0490                  C2TXQCONL = 0x490
                    0x0490                  _C2TXQCONL = 0x490
                    0x0490                  _C2TXQCONLbits = 0x490
                    0x0492                  C2TXQCONH = 0x492
                    0x0492                  _C2TXQCONH = 0x492
                    0x0492                  _C2TXQCONHbits = 0x492
                    0x0494                  C2TXQSTA = 0x494
                    0x0494                  _C2TXQSTA = 0x494
                    0x0494                  _C2TXQSTAbits = 0x494
                    0x0498                  C2TXQUAL = 0x498
                    0x0498                  _C2TXQUAL = 0x498
                    0x0498                  _C2TXQUALbits = 0x498
                    0x049a                  C2TXQUAH = 0x49a
                    0x049a                  _C2TXQUAH = 0x49a
                    0x049a                  _C2TXQUAHbits = 0x49a
                    0x049c                  C2FIFOCON1L = 0x49c
                    0x049c                  _C2FIFOCON1L = 0x49c
                    0x049c                  _C2FIFOCON1Lbits = 0x49c
                    0x049e                  C2FIFOCON1H = 0x49e
                    0x049e                  _C2FIFOCON1H = 0x49e
                    0x049e                  _C2FIFOCON1Hbits = 0x49e
                    0x04a0                  C2FIFOSTA1 = 0x4a0
                    0x04a0                  _C2FIFOSTA1 = 0x4a0
                    0x04a0                  _C2FIFOSTA1bits = 0x4a0
                    0x04a4                  C2FIFOUA1L = 0x4a4
                    0x04a4                  _C2FIFOUA1L = 0x4a4
                    0x04a4                  _C2FIFOUA1Lbits = 0x4a4
                    0x04a6                  C2FIFOUA1H = 0x4a6
                    0x04a6                  _C2FIFOUA1H = 0x4a6
                    0x04a6                  _C2FIFOUA1Hbits = 0x4a6
                    0x04a8                  C2FIFOCON2L = 0x4a8
                    0x04a8                  _C2FIFOCON2L = 0x4a8
                    0x04a8                  _C2FIFOCON2Lbits = 0x4a8
                    0x04aa                  C2FIFOCON2H = 0x4aa
                    0x04aa                  _C2FIFOCON2H = 0x4aa
                    0x04aa                  _C2FIFOCON2Hbits = 0x4aa
                    0x04ac                  C2FIFOSTA2 = 0x4ac
                    0x04ac                  _C2FIFOSTA2 = 0x4ac
                    0x04ac                  _C2FIFOSTA2bits = 0x4ac
                    0x04b0                  C2FIFOUA2L = 0x4b0
                    0x04b0                  _C2FIFOUA2L = 0x4b0
                    0x04b0                  _C2FIFOUA2Lbits = 0x4b0
                    0x04b2                  C2FIFOUA2H = 0x4b2
                    0x04b2                  _C2FIFOUA2H = 0x4b2
                    0x04b2                  _C2FIFOUA2Hbits = 0x4b2
                    0x04b4                  C2FIFOCON3L = 0x4b4
                    0x04b4                  _C2FIFOCON3L = 0x4b4
                    0x04b4                  _C2FIFOCON3Lbits = 0x4b4
                    0x04b6                  C2FIFOCON3H = 0x4b6
                    0x04b6                  _C2FIFOCON3H = 0x4b6
                    0x04b6                  _C2FIFOCON3Hbits = 0x4b6
                    0x04b8                  C2FIFOSTA3 = 0x4b8
                    0x04b8                  _C2FIFOSTA3 = 0x4b8
                    0x04b8                  _C2FIFOSTA3bits = 0x4b8
                    0x04bc                  C2FIFOUA3L = 0x4bc
                    0x04bc                  _C2FIFOUA3L = 0x4bc
                    0x04bc                  _C2FIFOUA3Lbits = 0x4bc
                    0x04be                  C2FIFOUA3H = 0x4be
                    0x04be                  _C2FIFOUA3H = 0x4be
                    0x04be                  _C2FIFOUA3Hbits = 0x4be
                    0x04c0                  C2FIFOCON4L = 0x4c0
                    0x04c0                  _C2FIFOCON4L = 0x4c0
                    0x04c0                  _C2FIFOCON4Lbits = 0x4c0
                    0x04c2                  C2FIFOCON4H = 0x4c2
                    0x04c2                  _C2FIFOCON4H = 0x4c2
                    0x04c2                  _C2FIFOCON4Hbits = 0x4c2
                    0x04c4                  C2FIFOSTA4 = 0x4c4
                    0x04c4                  _C2FIFOSTA4 = 0x4c4
                    0x04c4                  _C2FIFOSTA4bits = 0x4c4
                    0x04c8                  C2FIFOUA4L = 0x4c8
                    0x04c8                  _C2FIFOUA4L = 0x4c8
                    0x04c8                  _C2FIFOUA4Lbits = 0x4c8
                    0x04ca                  C2FIFOUA4H = 0x4ca
                    0x04ca                  _C2FIFOUA4H = 0x4ca
                    0x04ca                  _C2FIFOUA4Hbits = 0x4ca
                    0x04cc                  C2FIFOCON5L = 0x4cc
                    0x04cc                  _C2FIFOCON5L = 0x4cc
                    0x04cc                  _C2FIFOCON5Lbits = 0x4cc
                    0x04ce                  C2FIFOCON5H = 0x4ce
                    0x04ce                  _C2FIFOCON5H = 0x4ce
                    0x04ce                  _C2FIFOCON5Hbits = 0x4ce
                    0x04d0                  C2FIFOSTA5 = 0x4d0
                    0x04d0                  _C2FIFOSTA5 = 0x4d0
                    0x04d0                  _C2FIFOSTA5bits = 0x4d0
                    0x04d4                  C2FIFOUA5L = 0x4d4
                    0x04d4                  _C2FIFOUA5L = 0x4d4
                    0x04d4                  _C2FIFOUA5Lbits = 0x4d4
                    0x04d6                  C2FIFOUA5H = 0x4d6
                    0x04d6                  _C2FIFOUA5H = 0x4d6
                    0x04d6                  _C2FIFOUA5Hbits = 0x4d6
                    0x04d8                  C2FIFOCON6L = 0x4d8
                    0x04d8                  _C2FIFOCON6L = 0x4d8
                    0x04d8                  _C2FIFOCON6Lbits = 0x4d8
                    0x04da                  C2FIFOCON6H = 0x4da
                    0x04da                  _C2FIFOCON6H = 0x4da
                    0x04da                  _C2FIFOCON6Hbits = 0x4da
                    0x04dc                  C2FIFOSTA6 = 0x4dc
                    0x04dc                  _C2FIFOSTA6 = 0x4dc
                    0x04dc                  _C2FIFOSTA6bits = 0x4dc
                    0x04e0                  C2FIFOUA6L = 0x4e0
                    0x04e0                  _C2FIFOUA6L = 0x4e0
                    0x04e0                  _C2FIFOUA6Lbits = 0x4e0
                    0x04e2                  C2FIFOUA6H = 0x4e2
                    0x04e2                  _C2FIFOUA6H = 0x4e2
                    0x04e2                  _C2FIFOUA6Hbits = 0x4e2
                    0x04e4                  C2FIFOCON7L = 0x4e4
                    0x04e4                  _C2FIFOCON7L = 0x4e4
                    0x04e4                  _C2FIFOCON7Lbits = 0x4e4
                    0x04e6                  C2FIFOCON7H = 0x4e6
                    0x04e6                  _C2FIFOCON7H = 0x4e6
                    0x04e6                  _C2FIFOCON7Hbits = 0x4e6
                    0x04e8                  C2FIFOSTA7 = 0x4e8
                    0x04e8                  _C2FIFOSTA7 = 0x4e8
                    0x04e8                  _C2FIFOSTA7bits = 0x4e8
                    0x04ec                  C2FIFOUA7L = 0x4ec
                    0x04ec                  _C2FIFOUA7L = 0x4ec
                    0x04ec                  _C2FIFOUA7Lbits = 0x4ec
                    0x04ee                  C2FIFOUA7H = 0x4ee
                    0x04ee                  _C2FIFOUA7H = 0x4ee
                    0x04ee                  _C2FIFOUA7Hbits = 0x4ee
                    0x04f0                  C2FLTCON0L = 0x4f0
                    0x04f0                  _C2FLTCON0L = 0x4f0
                    0x04f0                  _C2FLTCON0Lbits = 0x4f0
                    0x04f2                  C2FLTCON0H = 0x4f2
                    0x04f2                  _C2FLTCON0H = 0x4f2
                    0x04f2                  _C2FLTCON0Hbits = 0x4f2
                    0x04f4                  C2FLTCON1L = 0x4f4
                    0x04f4                  _C2FLTCON1L = 0x4f4
                    0x04f4                  _C2FLTCON1Lbits = 0x4f4
                    0x04f6                  C2FLTCON1H = 0x4f6
                    0x04f6                  _C2FLTCON1H = 0x4f6
                    0x04f6                  _C2FLTCON1Hbits = 0x4f6
                    0x04f8                  C2FLTCON2L = 0x4f8
                    0x04f8                  _C2FLTCON2L = 0x4f8
                    0x04f8                  _C2FLTCON2Lbits = 0x4f8
                    0x04fa                  C2FLTCON2H = 0x4fa
                    0x04fa                  _C2FLTCON2H = 0x4fa
                    0x04fa                  _C2FLTCON2Hbits = 0x4fa
                    0x04fc                  C2FLTCON3L = 0x4fc
                    0x04fc                  _C2FLTCON3L = 0x4fc
                    0x04fc                  _C2FLTCON3Lbits = 0x4fc
                    0x04fe                  C2FLTCON3H = 0x4fe
                    0x04fe                  _C2FLTCON3H = 0x4fe
                    0x04fe                  _C2FLTCON3Hbits = 0x4fe
                    0x0500                  C2FLTOBJ0L = 0x500
                    0x0500                  _C2FLTOBJ0L = 0x500
                    0x0500                  _C2FLTOBJ0Lbits = 0x500
                    0x0502                  C2FLTOBJ0H = 0x502
                    0x0502                  _C2FLTOBJ0H = 0x502
                    0x0502                  _C2FLTOBJ0Hbits = 0x502
                    0x0504                  C2MASK0L = 0x504
                    0x0504                  _C2MASK0L = 0x504
                    0x0504                  _C2MASK0Lbits = 0x504
                    0x0506                  C2MASK0H = 0x506
                    0x0506                  _C2MASK0H = 0x506
                    0x0506                  _C2MASK0Hbits = 0x506
                    0x0508                  C2FLTOBJ1L = 0x508
                    0x0508                  _C2FLTOBJ1L = 0x508
                    0x0508                  _C2FLTOBJ1Lbits = 0x508
                    0x050a                  C2FLTOBJ1H = 0x50a
                    0x050a                  _C2FLTOBJ1H = 0x50a
                    0x050a                  _C2FLTOBJ1Hbits = 0x50a
                    0x050c                  C2MASK1L = 0x50c
                    0x050c                  _C2MASK1L = 0x50c
                    0x050c                  _C2MASK1Lbits = 0x50c
                    0x050e                  C2MASK1H = 0x50e
                    0x050e                  _C2MASK1H = 0x50e
                    0x050e                  _C2MASK1Hbits = 0x50e
                    0x0510                  C2FLTOBJ2L = 0x510
                    0x0510                  _C2FLTOBJ2L = 0x510
                    0x0510                  _C2FLTOBJ2Lbits = 0x510
                    0x0512                  C2FLTOBJ2H = 0x512
                    0x0512                  _C2FLTOBJ2H = 0x512
                    0x0512                  _C2FLTOBJ2Hbits = 0x512
                    0x0514                  C2MASK2L = 0x514
                    0x0514                  _C2MASK2L = 0x514
                    0x0514                  _C2MASK2Lbits = 0x514
                    0x0516                  C2MASK2H = 0x516
                    0x0516                  _C2MASK2H = 0x516
                    0x0516                  _C2MASK2Hbits = 0x516
                    0x0518                  C2FLTOBJ3L = 0x518
                    0x0518                  _C2FLTOBJ3L = 0x518
                    0x0518                  _C2FLTOBJ3Lbits = 0x518
                    0x051a                  C2FLTOBJ3H = 0x51a
                    0x051a                  _C2FLTOBJ3H = 0x51a
                    0x051a                  _C2FLTOBJ3Hbits = 0x51a
                    0x051c                  C2MASK3L = 0x51c
                    0x051c                  _C2MASK3L = 0x51c
                    0x051c                  _C2MASK3Lbits = 0x51c
                    0x051e                  C2MASK3H = 0x51e
                    0x051e                  _C2MASK3H = 0x51e
                    0x051e                  _C2MASK3Hbits = 0x51e
                    0x0520                  C2FLTOBJ4L = 0x520
                    0x0520                  _C2FLTOBJ4L = 0x520
                    0x0520                  _C2FLTOBJ4Lbits = 0x520
                    0x0522                  C2FLTOBJ4H = 0x522